--- Testing EmailProcessor.processUnreadEmails with failing GmailService ---
[INF] EmailProcessor: Inizializzazione EmailProcessor
evalmachine.<anonymous>:33
    this.geminiService = options.geminiService || new GeminiService();
                                                      ^

ReferenceError: GeminiService is not defined
    at new EmailProcessor (evalmachine.<anonymous>:33:55)
    at runTest (C:\Users\romolo\OneDrive\Documenti\SCRIPT\GMAIL AUTOMATICA\GMAIL PARROCCHIA\exnovoGAS\tests\test_label_error.js:49:23)
    at Object.<anonymous> (C:\Users\romolo\OneDrive\Documenti\SCRIPT\GMAIL AUTOMATICA\GMAIL PARROCCHIA\exnovoGAS\tests\test_label_error.js:65:1)
    at Module._compile (node:internal/modules/cjs/loader:1761:14)
    at Object..js (node:internal/modules/cjs/loader:1893:10)
    at Module.load (node:internal/modules/cjs/loader:1481:32)
    at Module._load (node:internal/modules/cjs/loader:1300:12)
    at TracingChannel.traceSync (node:diagnostics_channel:328:14)
    at wrapModuleLoad (node:internal/modules/cjs/loader:245:24)
    at Module.executeUserEntryPoint [as runMain] (node:internal/modules/run_main:154:5)

Node.js v24.12.0
